Universal offline rule-based static code scanner.

Scans PATH against YAML rule packs and reports findings as human text, JSON or SARIF. Everything runs locally: no network, no telemetry, no service.

A scan is self-contained by default. Ignore files inside PATH are honoured; parent directories, git's global excludes and .git/info/exclude are not consulted, so two checkouts of the same tree scan the same way. The --respect-* flags opt each of those sources back in.

A scan that cannot be evaluated exits 2 rather than 0, because an empty report is indistinguishable from a clean tree: loading no rules at all, or loading a gate whose input is missing (a coverage rule with no --coverage-report, a boundary rule with no [silos]), is refused and names what was missing. Human output escapes control characters as \xNN and Unicode bidi controls as \u{XXXX}.

Duplication is always measured and always reported in the metrics line and in the JSON and SARIF metrics, but the per-copy metrics.duplicate-block findings are off by default: on a real tree they outnumber every other finding and bury it. They are emitted when a duplication rule is loaded, or when siloscan.toml sets [duplication] report_blocks = true.

Subcommands take their own PATH and their own flags, and cannot be combined with the scan options above them.

Usage: siloscan [OPTIONS] [PATH]
       siloscan <COMMAND>

Commands:
  baseline  Record every current finding as accepted, so later scans report only new ones
  test      Check a fixture tree against its inline `siloscan-expect:` markers
  cache     Maintain the on-disk scan cache
  help      Print this message or the help of the given subcommand(s)

Arguments:
  [PATH]
          Path to scan

          [default: .]

Options:
      --rules <DIR>
          Rule directories

      --no-default-rules
          Do not load the built-in rule pack (a run that ends up with no rules at all checks nothing and is refused with exit 2)

      --format <FORMAT>
          Output format

          [default: human]
          [possible values: human, json, sarif]

      --fail-on <FAIL_ON>
          Exit with code 1 if any finding meets this severity or higher

          [default: error]
          [possible values: info, warning, error]

      --min-severity <MIN_SEVERITY>
          Report only findings of this severity or higher

          This narrows the report and nothing else. The exit code is decided by --fail-on over everything the scan found, so filtering the output can neither turn a failing run green nor turn a green one red, and it moves no fingerprint. It applies to every format and to all three lists a report carries - findings, baselined and suppressed - so human, JSON and SARIF output show the same set.

          [default: info]
          [possible values: info, warning, error]

      --baseline <FILE>
          Baseline file (defaults to `.siloscan/baseline.json` under PATH, or under the config root when the config sets `anchor = "config"`)

      --config <FILE>
          Repository config (defaults to the nearest `siloscan.toml` at PATH, or above it only when a `.git` marker exists at or above PATH; pass this explicitly for an exported tree that has none)

      --coverage-report <FILE>
          Coverage report to feed coverage rules (lcov or cobertura); required when any coverage rule is loaded, since a gate with no input reports nothing and would read as a pass

      --follow-symlinks
          Follow symlinks whose target is inside the scan root; targets outside it are never followed

          Off, a link is reported as a path nothing was read through, and its target is still scanned on its own path. On, an in-root target is read through the link as well, so a file behind one is reported twice, under both paths. A link out of the scan root is refused either way: a scan that reads files above its own root is a scan of the machine it ran on.

      --no-cache
          Do not read or write the scan cache

      --cache-dir <DIR>
          Read and write cache entries under DIR instead of this user's cache directory

          The default is `$XDG_CACHE_HOME/siloscan` (`$HOME/.cache/siloscan` when unset) on unix and `%LOCALAPPDATA%\siloscan` on Windows. Nothing about the scanned tree takes part in choosing it, which is why a tree cannot move its own cache; this flag is the user overriding that, not the tree.

          Pointing it inside the scan root works but is a poor idea: the entries become files the walk then sees, so a cold and a warm run count different numbers of files.

      --no-ignore
          Scan every file: ignore no `.gitignore` and no `.ignore`

      --no-gitignore
          Ignore `.ignore` files but not `.gitignore` files

      --respect-parent-ignores
          Also honor ignore files in directories above the scan root

      --respect-git-exclude
          Also honor `<PATH>/.git/info/exclude`

      --respect-global-gitignore
          Also honor git's global `core.excludesFile`

  -h, --help
          Print help (see a summary with '-h')

  -V, --version
          Print version
